[e1] collecting graphs for sets ['main', 'e3', 'e4', 'e5'] ...
[e1] 65 graphs x 100 replicates, 10 workers
[e1] 6500 replicates to run (0 already done)
[e1]      35s  main__Qwen2.5-0.5B                 E=  7002 obs=  52 null=  2.69 R= 19.33 [ 17.28, 21.85] swap_fail=0/100
[e1]      71s  main__Qwen2.5-1.5B                 E=  5075 obs=  47 null=  3.19 R= 14.73 [ 13.62, 16.10] swap_fail=0/100
[e1]     123s  main__Qwen2.5-3B                   E=  4881 obs=  61 null=  4.80 R= 12.71 [ 12.01, 13.50] swap_fail=0/100
[e1]     176s  main__Qwen2.5-7B                   E=  5058 obs=  80 null=  4.66 R= 17.17 [ 16.03, 18.43] swap_fail=0/100
[e1]     272s  main__Qwen2.5-14B                  E=  5344 obs=  47 null=  3.62 R= 12.98 [ 12.08, 14.03] swap_fail=0/100
[e1]     392s  main__Qwen2.5-32B                  E=  5104 obs=  36 null=  1.50 R= 24.00 [ 20.69, 28.35] swap_fail=0/100
[e1]     454s  main__Qwen2.5-72B                  E=  5085 obs=  82 null=  7.48 R= 10.96 [ 10.53, 11.40] swap_fail=0/100
[e1]     545s  main__Qwen3-0.6B                   E=  4942 obs=  17 null=  2.19 R=  7.76 [  7.05,  8.59] swap_fail=0/100
[e1]     602s  main__Qwen3-1.7B                   E=  7090 obs=  53 null=  3.04 R= 17.43 [ 15.63, 19.56] swap_fail=0/100
[e1]     633s  main__Qwen3-4B                     E=  5113 obs=  43 null=  4.06 R= 10.59 [  9.82, 11.50] swap_fail=0/100
[e1]     691s  main__Qwen3-8B                     E=  6224 obs=  51 null=  2.62 R= 19.47 [ 17.41, 21.98] swap_fail=0/100
[e1]     741s  main__Qwen3-14B                    E=  5880 obs=  50 null=  3.37 R= 14.84 [ 13.59, 16.23] swap_fail=0/100
[e1]     759s  main__Gemma3-270M                  E=  1453 obs=   0 null=  0.39 R=  0.00 [  0.00,  0.00] swap_fail=100/100
[e1]     790s  main__Gemma3-1B                    E=  4448 obs=  34 null=  1.35 R= 25.19 [ 21.66, 29.82] swap_fail=0/100
[e1]     827s  main__Gemma3-4B                    E=  5842 obs=  47 null=  1.44 R= 32.64 [ 27.65, 39.50] swap_fail=0/100
[e1]     864s  main__Gemma3-12B                   E=  7052 obs=  78 null=  3.42 R= 22.81 [ 20.74, 25.24] swap_fail=0/100
[e1]     930s  main__Gemma3-27B                   E=  7911 obs=  71 null=  3.50 R= 20.29 [ 18.44, 22.47] swap_fail=0/100
[e1]    1034s  main__Gemma3-270M-pt               E=  5952 obs=   4 null=  1.90 R=  2.11 [  1.90,  2.37] swap_fail=0/100
[e1]    1089s  main__Gemma3-1B-pt                 E=  7040 obs=  13 null=  4.55 R=  2.86 [  2.65,  3.10] swap_fail=0/100
[e1]    1131s  main__Gemma3-4B-pt                 E=  8624 obs=  19 null=  3.21 R=  5.92 [  5.34,  6.62] swap_fail=0/100
[e1]    1170s  main__Gemma3-12B-pt                E=  7719 obs=  16 null=  3.08 R=  5.19 [  4.66,  5.86] swap_fail=0/100
[e1]    1211s  main__Gemma3-27B-pt                E=  7108 obs=  25 null=  3.34 R=  7.49 [  6.81,  8.28] swap_fail=0/100
[e1]    1260s  main__Qwen3-4B-Instruct-2507       E=  5906 obs=  33 null=  2.64 R= 12.50 [ 11.22, 14.04] swap_fail=0/100
[e1]    1282s  main__wordnet                      E=  4599 obs=  27 null=  2.97 R=  9.09 [  8.23, 10.11] swap_fail=0/100
[e1]    1326s  e3__Gemma3-12B-pt                  E=  6201 obs= 114 null=  5.00 R= 22.80 [ 21.27, 24.52] swap_fail=0/100
[e1]    1358s  e3__Gemma3-1B-pt                   E=  5465 obs=  29 null=  1.65 R= 17.58 [ 15.18, 20.71] swap_fail=0/100
[e1]    1415s  e3__Gemma3-270M-pt                 E=  4477 obs=  11 null=  2.45 R=  4.49 [  4.15,  4.89] swap_fail=0/100
[e1]    1472s  e3__Gemma3-27B-pt                  E=  6080 obs=  78 null=  4.56 R= 17.11 [ 15.76, 18.66] swap_fail=0/100
[e1]    1516s  e3__Gemma3-4B-pt                   E=  5868 obs=  92 null=  4.50 R= 20.44 [ 19.05, 22.06] swap_fail=0/100
[e1]    1539s  e4__Gemma3-12B                     E=  4855 obs= 101 null=  2.36 R= 42.80 [ 38.11, 48.33] swap_fail=0/100
[e1]    1560s  e4__Gemma3-1B                      E=  4406 obs= 115 null=  4.59 R= 25.05 [ 23.42, 26.87] swap_fail=0/100
[e1]    1566s  e4__Gemma3-270M                    E=   465 obs=   1 null=  0.91 R=  1.10 [  1.04,  1.18] swap_fail=100/100
[e1]    1595s  e4__Gemma3-27B                     E=  5059 obs=  74 null=  2.02 R= 36.63 [ 32.46, 42.05] swap_fail=0/100
[e1]    1618s  e4__Gemma3-4B                      E=  4551 obs=  89 null=  2.93 R= 30.38 [ 27.55, 33.71] swap_fail=0/100
[e1]    1636s  e4__Qwen2.5-0.5B                   E=  4982 obs=  70 null=  3.79 R= 18.47 [ 16.95, 20.23] swap_fail=0/100
[e1]    1661s  e4__Qwen2.5-1.5B                   E=  4046 obs=  31 null=  2.62 R= 11.83 [ 10.84, 12.97] swap_fail=0/100
[e1]    1698s  e4__Qwen2.5-14B                    E=  4624 obs=  67 null=  4.05 R= 16.54 [ 15.51, 17.68] swap_fail=0/100
[e1]    1727s  e4__Qwen2.5-32B                    E=  4187 obs=  68 null=  5.08 R= 13.39 [ 12.69, 14.17] swap_fail=0/100
[e1]    1768s  e4__Qwen2.5-3B                     E=  3709 obs=  46 null=  4.61 R=  9.98 [  9.48, 10.53] swap_fail=0/100
[e1]    1810s  e4__Qwen2.5-72B                    E=  4935 obs= 169 null=  7.05 R= 23.97 [ 22.87, 25.15] swap_fail=0/100
[e1]    1833s  e4__Qwen2.5-7B                     E=  4003 obs=  76 null=  6.55 R= 11.60 [ 11.05, 12.18] swap_fail=0/100
[e1]    1943s  e4__Qwen3-0.6B                     E=  3805 obs=  17 null=  1.41 R= 12.06 [ 10.24, 14.41] swap_fail=0/100
[e1]    2022s  e4__Qwen3-1.7B                     E=  5268 obs=  94 null=  4.87 R= 19.30 [ 18.04, 20.75] swap_fail=0/100
[e1]    2055s  e4__Qwen3-14B                      E=  4620 obs=  86 null=  4.69 R= 18.34 [ 17.10, 19.63] swap_fail=0/100
[e1]    2095s  e4__Qwen3-4B-Instruct-2507         E=  4755 obs=  70 null=  3.86 R= 18.13 [ 16.91, 19.55] swap_fail=0/100
[e1]    2123s  e4__Qwen3-4B                       E=  3986 obs=  55 null=  9.28 R=  5.93 [  5.69,  6.17] swap_fail=0/100
[e1]    2158s  e4__Qwen3-8B                       E=  5251 obs=  69 null=  2.99 R= 23.08 [ 21.10, 25.46] swap_fail=0/100
[e1]    2219s  e5__Gemma3-12B                     E=  6434 obs=  56 null=  2.45 R= 22.86 [ 20.22, 26.17] swap_fail=0/100
[e1]    2318s  e5__Gemma3-1B                      E=  5037 obs=  25 null=  1.35 R= 18.52 [ 15.92, 22.12] swap_fail=0/100
[e1]    2530s  e5__Gemma3-270M                    E=  6433 obs=   7 null=  1.56 R=  4.49 [  3.80,  5.38] swap_fail=0/100
[e1]    2670s  e5__Gemma3-27B                     E=  6522 obs=  38 null=  2.31 R= 16.45 [ 14.50, 18.91] swap_fail=0/100
[e1]    2819s  e5__Gemma3-4B                      E=  5596 obs=  49 null=  1.95 R= 25.13 [ 22.37, 28.65] swap_fail=0/100
[e1]    3151s  e5__Qwen2.5-0.5B                   E= 12499 obs=  68 null=  6.41 R= 10.61 [  9.84, 11.49] swap_fail=0/100
[e1]    3536s  e5__Qwen2.5-1.5B                   E= 16211 obs= 115 null= 14.11 R=  8.15 [  7.79,  8.56] swap_fail=0/100
[e1]    3579s  e5__Qwen2.5-14B                    E=  7574 obs=  50 null=  8.83 R=  5.66 [  5.37,  5.97] swap_fail=0/100
[e1]    3682s  e5__Qwen2.5-32B                    E=  7034 obs=  63 null=  3.06 R= 20.59 [ 18.10, 23.51] swap_fail=0/100
[e1]    3740s  e5__Qwen2.5-3B                     E=  5126 obs=  44 null=  1.88 R= 23.40 [ 20.47, 27.16] swap_fail=0/100
[e1]    3778s  e5__Qwen2.5-72B                    E=  5307 obs=  72 null=  3.16 R= 22.78 [ 20.93, 24.83] swap_fail=0/100
[e1]    3810s  e5__Qwen2.5-7B                     E=  5197 obs=  84 null=  2.05 R= 40.98 [ 36.21, 46.93] swap_fail=0/100
[e1]    4030s  e5__Qwen3-0.6B                     E=  5907 obs=   4 null=  3.59 R=  1.11 [  1.03,  1.20] swap_fail=100/100
[e1]    4206s  e5__Qwen3-1.7B                     E=  5716 obs=   2 null=  0.87 R=  2.30 [  1.92,  2.86] swap_fail=66/100
[e1]    4331s  e5__Qwen3-14B                      E=  5841 obs=   6 null=  0.88 R=  6.82 [  5.66,  8.45] swap_fail=0/100
[e1]    4402s  e5__Qwen3-4B-Instruct-2507         E=  6827 obs=  37 null=  3.60 R= 10.28 [  9.41, 11.31] swap_fail=0/100
[e1]    4528s  e5__Qwen3-4B                       E=  7323 obs=  18 null=  3.24 R=  5.56 [  5.17,  6.00] swap_fail=0/100
[e1]    4580s  e5__Qwen3-8B                       E=  6730 obs=  27 null=  2.43 R= 11.11 [ 10.11, 12.33] swap_fail=0/100
[e1] done in 4580s -> results_2026-10-01_Local\e1_null_unfiltered
