[d032] 88 graphs x 100 replicates, 12 workers, 64 x edges accepted swaps
[d032] 8800 replicates to run (0 already done)
[d032]      39s  main__Gemma3-12B-pt        E=  3268 obs=   7 null=  0.44 R=  14.00 kept= 0.00 budget_not_met=0
[d032]      90s  main__Gemma3-12B           E=  7052 obs=  78 null=  2.78 R=  28.06 kept= 0.01 budget_not_met=0
[d032]      98s  main__Gemma3-1B-pt         E=  3249 obs=   3 null=  0.44 R=   6.00 kept= 0.00 budget_not_met=0
[d032]     132s  main__Gemma3-1B            E=  4448 obs=  34 null=  0.88 R=  38.64 kept= 0.00 budget_not_met=0
[d032]     141s  main__Gemma3-270M-pt       E=  2358 obs=   4 null=  0.40 R=   8.00 kept= 0.00 budget_not_met=0
[d032]     160s  main__Gemma3-27B-pt        E=  2812 obs=  14 null=  0.42 R=  28.00 kept= 0.00 budget_not_met=0
[d032]     233s  main__Gemma3-27B           E=  7896 obs=  71 null=  2.87 R=  24.74 kept= 0.01 budget_not_met=0
[d032]     236s  main__Gemma3-4B-pt         E=  2904 obs=  11 null=  0.38 R=  22.00 kept= 0.00 budget_not_met=0
[d032]     290s  main__Gemma3-4B            E=  5842 obs=  47 null=  1.61 R=  29.19 kept= 0.00 budget_not_met=0
[d032]     342s  main__Qwen2.5-0.5B         E=  6999 obs=  52 null=  2.67 R=  19.48 kept= 0.00 budget_not_met=0
[d032]     371s  main__Qwen2.5-1.5B         E=  5074 obs=  46 null=  1.49 R=  30.87 kept= 0.00 budget_not_met=0
[d032]     406s  main__Qwen2.5-14B          E=  5343 obs=  47 null=  1.54 R=  30.52 kept= 0.00 budget_not_met=0
[d032]     439s  main__Qwen2.5-32B          E=  5104 obs=  36 null=  1.08 R=  33.33 kept= 0.00 budget_not_met=0
[d032]     472s  main__Qwen2.5-3B           E=  4880 obs=  61 null=  1.17 R=  52.14 kept= 0.00 budget_not_met=0
[d032]     507s  main__Qwen2.5-72B          E=  5085 obs=  82 null=  1.59 R=  51.57 kept= 0.00 budget_not_met=0
[d032]     545s  main__Qwen2.5-7B           E=  5054 obs=  80 null=  1.66 R=  48.19 kept= 0.01 budget_not_met=0
[d032]     581s  main__Qwen3-0.6B           E=  4939 obs=  17 null=  0.94 R=  18.09 kept= 0.00 budget_not_met=0
[d032]     639s  main__Qwen3-1.7B           E=  7087 obs=  53 null=  2.92 R=  18.15 kept= 0.01 budget_not_met=0
[d032]     680s  main__Qwen3-14B            E=  5869 obs=  50 null=  1.49 R=  33.56 kept= 0.02 budget_not_met=0
[d032]     727s  main__Qwen3-4B-Instruct-2507 E=  5904 obs=  33 null=  1.75 R=  18.86 kept= 0.02 budget_not_met=0
[d032]     760s  main__Qwen3-4B             E=  5113 obs=  43 null=  1.53 R=  28.10 kept= 0.00 budget_not_met=0
[d032]     804s  main__Qwen3-8B             E=  6220 obs=  51 null=  1.95 R=  26.15 kept= 0.02 budget_not_met=0
[d032]     829s  main__wordnet              E=  4599 obs=  27 null=  1.49 R=  18.12 kept= 0.00 budget_not_met=0
[d032]     878s  e3__Gemma3-12B-pt          E=  6201 obs= 114 null=  2.39 R=  47.70 kept= 0.03 budget_not_met=0
[d032]     916s  e3__Gemma3-1B-pt           E=  5465 obs=  29 null=  1.59 R=  18.24 kept= 0.02 budget_not_met=0
[d032]     947s  e3__Gemma3-270M-pt         E=  4475 obs=  11 null=  0.77 R=  14.29 kept= 0.00 budget_not_met=0
[d032]     994s  e3__Gemma3-27B-pt          E=  6076 obs=  78 null=  2.54 R=  30.71 kept= 0.00 budget_not_met=0
[d032]    1034s  e3__Gemma3-4B-pt           E=  5868 obs=  92 null=  1.87 R=  49.20 kept= 0.00 budget_not_met=0
[d032]    1049s  d029__fsR1_12B             E=  3191 obs=  22 null=  0.53 R=  41.51 kept= 0.00 budget_not_met=0
[d032]    1068s  d029__fsR1_1B              E=  2913 obs=   9 null=  0.35 R=  18.00 kept= 0.00 budget_not_met=0
[d032]    1085s  d029__fsR1_27B             E=  2656 obs=  13 null=  0.30 R=  26.00 kept= 0.00 budget_not_met=0
[d032]    1102s  d029__fsR1_4B              E=  2569 obs=  15 null=  0.37 R=  30.00 kept= 0.00 budget_not_met=0
[d032]    1123s  d029__fsR2_12B             E=  3115 obs=  26 null=  0.61 R=  42.62 kept= 0.00 budget_not_met=0
[d032]    1141s  d029__fsR2_1B              E=  2908 obs=   7 null=  0.31 R=  14.00 kept= 0.00 budget_not_met=0
[d032]    1157s  d029__fsR2_27B             E=  2672 obs=  12 null=  0.28 R=  24.00 kept= 0.00 budget_not_met=0
[d032]    1173s  d029__fsR2_4B              E=  2580 obs=  23 null=  0.52 R=  44.23 kept= 0.00 budget_not_met=0
[d032]    1194s  d029__fsR3_12B             E=  3131 obs=  27 null=  0.50 R=  54.00 kept= 0.00 budget_not_met=0
[d032]    1212s  d029__fsR3_1B              E=  2954 obs=   8 null=  0.36 R=  16.00 kept= 0.00 budget_not_met=0
[d032]    1229s  d029__fsR3_27B             E=  2655 obs=  12 null=  0.49 R=  24.00 kept= 0.01 budget_not_met=0
[d032]    1245s  d029__fsR3_4B              E=  2712 obs=  16 null=  0.50 R=  32.00 kept= 0.00 budget_not_met=0
[d032]    1266s  d029__fsR4_12B             E=  3161 obs=  25 null=  0.59 R=  42.37 kept= 0.00 budget_not_met=0
[d032]    1286s  d029__fsR4_1B              E=  2891 obs=   4 null=  0.30 R=   8.00 kept= 0.00 budget_not_met=0
[d032]    1303s  d029__fsR4_27B             E=  2658 obs=  12 null=  0.53 R=  22.64 kept= 0.01 budget_not_met=0
[d032]    1319s  d029__fsR4_4B              E=  2624 obs=  18 null=  0.24 R=  36.00 kept= 0.00 budget_not_met=0
[d032]    1341s  d029__fsR5_12B             E=  3171 obs=  40 null=  0.70 R=  57.14 kept= 0.00 budget_not_met=0
[d032]    1357s  d029__fsR5_1B              E=  2919 obs=  10 null=  0.70 R=  14.29 kept= 0.00 budget_not_met=0
[d032]    1367s  d029__fsR5_27B             E=  2697 obs=  16 null=  0.43 R=  32.00 kept= 0.00 budget_not_met=0
[d032]    1388s  d029__fsR5_4B              E=  2640 obs=  12 null=  0.36 R=  24.00 kept= 0.00 budget_not_met=0
[d032]    1410s  d029__fsS_12B              E=  3240 obs=  21 null=  0.46 R=  42.00 kept= 0.00 budget_not_met=0
[d032]    1428s  d029__fsS_1B               E=  2968 obs=   6 null=  0.34 R=  12.00 kept= 0.00 budget_not_met=0
[d032]    1445s  d029__fsS_27B              E=  2795 obs=  21 null=  0.43 R=  42.00 kept= 0.00 budget_not_met=0
[d032]    1461s  d029__fsS_4B               E=  2658 obs=  18 null=  0.27 R=  36.00 kept= 0.00 budget_not_met=0
[d032]    1487s  d029__itS_12B              E=  3690 obs=  17 null=  0.47 R=  34.00 kept= 0.00 budget_not_met=0
[d032]    1499s  d029__itS_1B               E=  2417 obs=   9 null=  0.27 R=  18.00 kept= 0.00 budget_not_met=0
[d032]    1523s  d029__itS_27B              E=  3494 obs=  15 null=  0.53 R=  28.30 kept= 0.00 budget_not_met=0
[d032]    1538s  d029__itS_4B               E=  2640 obs=  12 null=  0.42 R=  24.00 kept= 0.00 budget_not_met=0
[d032]    1544s  d030c__fsC_12B             E=  1414 obs=  24 null=  0.48 R=  48.00 kept= 0.00 budget_not_met=0
[d032]    1555s  d030c__fsC_1B              E=  1789 obs=   8 null=  0.51 R=  15.69 kept= 0.02 budget_not_met=0
[d032]    1561s  d030c__fsC_27B             E=  1303 obs=  22 null=  0.56 R=  39.29 kept= 0.00 budget_not_met=0
[d032]    1568s  d030c__fsC_4B              E=  1216 obs=  22 null=  0.45 R=  44.00 kept= 0.00 budget_not_met=0
[d032]    1579s  d030c__fsRC1_12B           E=  1842 obs=  34 null=  0.74 R=  45.95 kept= 0.01 budget_not_met=0
[d032]    1588s  d030c__fsRC1_1B            E=  1743 obs=   9 null=  0.52 R=  17.31 kept= 0.00 budget_not_met=0
[d032]    1592s  d030c__fsRC1_27B           E=  1060 obs=  17 null=  0.32 R=  34.00 kept= 0.00 budget_not_met=0
[d032]    1597s  d030c__fsRC1_4B            E=  1136 obs=  17 null=  0.53 R=  32.08 kept= 0.00 budget_not_met=0
[d032]    1610s  d030c__fsRC2_12B           E=  1949 obs=  34 null=  0.98 R=  34.69 kept= 0.01 budget_not_met=0
[d032]    1620s  d030c__fsRC2_1B            E=  1857 obs=  10 null=  0.55 R=  18.18 kept= 0.00 budget_not_met=0
[d032]    1627s  d030c__fsRC2_27B           E=  1406 obs=  18 null=  0.91 R=  19.78 kept= 0.00 budget_not_met=0
[d032]    1633s  d030c__fsRC2_4B            E=  1124 obs=  26 null=  0.53 R=  49.06 kept= 0.00 budget_not_met=0
[d032]    1644s  d030c__fsRC3_12B           E=  1782 obs=  29 null=  0.72 R=  40.28 kept= 0.00 budget_not_met=0
[d032]    1653s  d030c__fsRC3_1B            E=  1683 obs=   7 null=  0.37 R=  14.00 kept= 0.00 budget_not_met=0
[d032]    1658s  d030c__fsRC3_27B           E=  1228 obs=  17 null=  0.32 R=  34.00 kept= 0.00 budget_not_met=0
[d032]    1664s  d030c__fsRC3_4B            E=  1094 obs=  14 null=  0.33 R=  28.00 kept= 0.00 budget_not_met=0
[d032]    1676s  d030c__fsRC4_12B           E=  1969 obs=  33 null=  0.89 R=  37.08 kept= 0.01 budget_not_met=0
[d032]    1683s  d030c__fsRC4_1B            E=  1401 obs=  10 null=  0.34 R=  20.00 kept= 0.00 budget_not_met=0
[d032]    1690s  d030c__fsRC4_27B           E=  1337 obs=  20 null=  0.88 R=  22.73 kept= 0.02 budget_not_met=0
[d032]    1696s  d030c__fsRC4_4B            E=  1098 obs=  19 null=  0.44 R=  38.00 kept= 0.02 budget_not_met=0
[d032]    1707s  d030c__fsRC5_12B           E=  1817 obs=  32 null=  0.49 R=  64.00 kept= 0.00 budget_not_met=0
[d032]    1714s  d030c__fsRC5_1B            E=  1508 obs=   7 null=  0.36 R=  14.00 kept= 0.00 budget_not_met=0
[d032]    1721s  d030c__fsRC5_27B           E=  1233 obs=  15 null=  0.35 R=  30.00 kept= 0.00 budget_not_met=0
[d032]    1726s  d030c__fsRC5_4B            E=  1109 obs=  21 null=  0.39 R=  42.00 kept= 0.00 budget_not_met=0
[d032]    1736s  d030c__itC_12B             E=  1572 obs=  19 null=  0.50 R=  38.00 kept= 0.02 budget_not_met=0
[d032]    1743s  d030c__itC_1B              E=  1433 obs=  12 null=  0.44 R=  24.00 kept= 0.00 budget_not_met=0
[d032]    1754s  d030c__itC_27B             E=  1791 obs=  19 null=  1.12 R=  16.96 kept= 0.02 budget_not_met=0
[d032]    1759s  d030c__itC_4B              E=  1262 obs=  12 null=  0.35 R=  24.00 kept= 0.00 budget_not_met=0
[d032]    1766s  d030c__zsC_12B             E=  1213 obs=   7 null=  0.38 R=  14.00 kept= 0.00 budget_not_met=0
[d032]    1778s  d030c__zsC_1B              E=  1809 obs=   3 null=  0.29 R=   6.00 kept= 0.00 budget_not_met=0
[d032]    1784s  d030c__zsC_27B             E=  1356 obs=  14 null=  0.33 R=  28.00 kept= 0.00 budget_not_met=0
[d032]    1791s  d030c__zsC_4B              E=  1382 obs=  11 null=  0.39 R=  22.00 kept= 0.00 budget_not_met=0
[d032] done in 1791s -> results_2026-10-02_Local\d032_double_swap_null
