[d029] vocabulary 2750 lemmas; sizes ['1B', '4B', '12B', '27B']
[d029] 1B: survivors 1580 of 3000 (zero-shot dropped 1418 = 47.3 % of 2998 valid); unrestricted graphs match the earlier runs
[d029] 4B: survivors 1322 of 3000 (zero-shot dropped 1678 = 55.9 % of 3000 valid); unrestricted graphs match the earlier runs
[d029] 12B: survivors 1503 of 3000 (zero-shot dropped 1495 = 49.9 % of 2998 valid); unrestricted graphs match the earlier runs
[d029] 27B: survivors 1296 of 3000 (zero-shot dropped 1699 = 56.7 % of 2995 valid); unrestricted graphs match the earlier runs
[d029] 28 graphs x 100 replicates, 12 workers
[d029] 2800 replicates to run (0 already done)
[d029]     165s  d029__fsS_1B           E=  2968 obs=   6 null=  1.11 R=  5.41 [  4.62,  6.45] swap_fail=0/100
[d029]     339s  d029__itS_1B           E=  2417 obs=   9 null=  3.05 R=  2.95 [  2.75,  3.17] swap_fail=0/100
[d029]     470s  d029__fsR1_1B          E=  2913 obs=   9 null=  1.44 R=  6.25 [  5.70,  6.87] swap_fail=0/100
[d029]     607s  d029__fsR2_1B          E=  2908 obs=   7 null=  1.05 R=  6.67 [  5.74,  7.95] swap_fail=0/100
[d029]     780s  d029__fsR3_1B          E=  2954 obs=   8 null=  0.71 R= 11.27 [  9.20, 14.55] swap_fail=0/100
[d029]     989s  d029__fsR4_1B          E=  2891 obs=   4 null=  0.87 R=  4.60 [  3.85,  5.63] swap_fail=0/100
[d029]    1142s  d029__fsR5_1B          E=  2919 obs=  10 null=  0.93 R= 10.75 [  9.09, 13.16] swap_fail=0/100
[d029]    1268s  d029__fsS_4B           E=  2658 obs=  18 null=  2.91 R=  6.19 [  5.88,  6.52] swap_fail=0/100
[d029]    1472s  d029__itS_4B           E=  2640 obs=  12 null=  2.66 R=  4.51 [  4.24,  4.80] swap_fail=0/100
[d029]    1567s  d029__fsR1_4B          E=  2569 obs=  15 null=  6.00 R=  2.50 [  2.44,  2.57] swap_fail=0/100
[d029]    1658s  d029__fsR2_4B          E=  2580 obs=  23 null=  6.21 R=  3.70 [  3.59,  3.81] swap_fail=0/100
[d029]    1749s  d029__fsR3_4B          E=  2712 obs=  16 null=  1.84 R=  8.70 [  7.92,  9.58] swap_fail=0/100
[d029]    1872s  d029__fsR4_4B          E=  2624 obs=  18 null=  4.91 R=  3.67 [  3.54,  3.80] swap_fail=0/100
[d029]    1986s  d029__fsR5_4B          E=  2640 obs=  12 null=  4.50 R=  2.67 [  2.53,  2.82] swap_fail=0/100
[d029]    2091s  d029__fsS_12B          E=  3240 obs=  21 null=  6.29 R=  3.34 [  3.25,  3.43] swap_fail=0/100
[d029]    2275s  d029__itS_12B          E=  3690 obs=  17 null=  2.68 R=  6.34 [  6.03,  6.69] swap_fail=0/100
[d029]    2377s  d029__fsR1_12B         E=  3191 obs=  22 null=  3.50 R=  6.29 [  6.06,  6.51] swap_fail=0/100
[d029]    2476s  d029__fsR2_12B         E=  3115 obs=  26 null=  5.48 R=  4.74 [  4.57,  4.93] swap_fail=0/100
[d029]    2571s  d029__fsR3_12B         E=  3131 obs=  27 null=  7.29 R=  3.70 [  3.61,  3.80] swap_fail=0/100
[d029]    2677s  d029__fsR4_12B         E=  3161 obs=  25 null=  5.61 R=  4.46 [  4.24,  4.69] swap_fail=0/100
[d029]    2778s  d029__fsR5_12B         E=  3171 obs=  40 null=  6.45 R=  6.20 [  5.97,  6.45] swap_fail=0/100
[d029]    2866s  d029__fsS_27B          E=  2795 obs=  21 null=  3.71 R=  5.66 [  5.38,  5.97] swap_fail=0/100
[d029]    3017s  d029__itS_27B          E=  3494 obs=  15 null=  1.70 R=  8.82 [  7.98,  9.74] swap_fail=0/100
[d029]    3117s  d029__fsR1_27B         E=  2656 obs=  13 null=  1.32 R=  9.85 [  9.09, 10.74] swap_fail=0/100
[d029]    3214s  d029__fsR2_27B         E=  2672 obs=  12 null=  6.34 R=  1.89 [  1.82,  1.97] swap_fail=0/100
[d029]    3322s  d029__fsR3_27B         E=  2655 obs=  12 null=  5.04 R=  2.38 [  2.29,  2.47] swap_fail=0/100
[d029]    3423s  d029__fsR4_27B         E=  2658 obs=  12 null=  1.20 R= 10.00 [  8.89, 11.54] swap_fail=0/100
[d029]    3531s  d029__fsR5_27B         E=  2697 obs=  16 null=  2.33 R=  6.87 [  6.35,  7.44] swap_fail=0/100
[d029] done in 3531s -> results_2026-10-02_Local\d029_survivor_restriction
